// Jest Snapshot v1, https://goo.gl/fbAQLP

exports[`CountryDetails should render the component 1`] = `null`;
